// Jest Snapshot v1, https://goo.gl/fbAQLP

exports[`Test for CountySubscription view renders correctly 1`] = `
ShallowWrapper {
  Symbol(enzyme.__root__): [Circular],
  Symbol(enzyme.__unrendered__): <CountySubscription />,
  Symbol(enzyme.__renderer__): Object {
    "batchedUpdates": [Function],
    "getNode": [Function],
    "render": [Function],
    "simulateError": [Function],
    "simulateEvent": [Function],
    "unmount": [Function],
  },
  Symbol(enzyme.__node__): Object {
    "instance": null,
    "key": undefined,
    "nodeType": "host",
    "props": Object {
      "children": <Grid
        bsClass="container"
        componentClass="div"
        fluid={false}
      >
        <Col
          bsClass="col"
          componentClass="div"
          md={2}
        />
        <Col
          bsClass="col"
          componentClass="div"
          md={8}
        >
          <Row
            bsClass="row"
            componentClass="div"
          >
            <Col
              bsClass="col"
              componentClass="div"
              md={5}
              xs={12}
            >
              <h5
                align="center"
              >
                Kommuner
              </h5>
              <FormControl
                bsClass="form-control"
                componentClass="input"
                id="allCounties"
                inputRef={[Function]}
                onKeyUp={[Function]}
                placeholder="Søk i alle kommuner"
                type="text"
              />
              <ListGroup
                bsClass="list-group"
                id="allCountiesList"
              />
            </Col>
            <Col
              align="center"
              bsClass="col"
              className="arrows"
              componentClass="div"
              md={2}
              xs={12}
            >
              <Row
                bsClass="row"
                componentClass="div"
              >
                <span>
                   
                  <Glyphicon
                    bsClass="glyphicon"
                    glyph="arrow-left"
                  />
                </span>
              </Row>
              <Row
                bsClass="row"
                componentClass="div"
              >
                <span>
                   
                  <Glyphicon
                    bsClass="glyphicon"
                    glyph="arrow-right"
                  />
                </span>
              </Row>
            </Col>
            <Col
              bsClass="col"
              componentClass="div"
              md={5}
              xs={12}
            >
              <h5
                align="center"
              >
                Mine Kommuner
              </h5>
              <FormControl
                bsClass="form-control"
                componentClass="input"
                id="myCounties"
                inputRef={[Function]}
                onKeyUp={[Function]}
                placeholder="Søk i dine kommuner"
                type="text"
              />
              <ListGroup
                bsClass="list-group"
                id="myCountiesList"
              />
            </Col>
          </Row>
          <div
            align="right"
          >
            <Button
              active={false}
              block={false}
              bsClass="btn"
              bsStyle="primary"
              disabled={false}
              onClick={[Function]}
            >
              Lagre endringer
            </Button>
          </div>
        </Col>
      </Grid>,
      "className": "countySubscription",
    },
    "ref": null,
    "rendered": Object {
      "instance": null,
      "key": undefined,
      "nodeType": "class",
      "props": Object {
        "bsClass": "container",
        "children": Array [
          <Col
            bsClass="col"
            componentClass="div"
            md={2}
          />,
          <Col
            bsClass="col"
            componentClass="div"
            md={8}
          >
            <Row
              bsClass="row"
              componentClass="div"
            >
              <Col
                bsClass="col"
                componentClass="div"
                md={5}
                xs={12}
              >
                <h5
                  align="center"
                >
                  Kommuner
                </h5>
                <FormControl
                  bsClass="form-control"
                  componentClass="input"
                  id="allCounties"
                  inputRef={[Function]}
                  onKeyUp={[Function]}
                  placeholder="Søk i alle kommuner"
                  type="text"
                />
                <ListGroup
                  bsClass="list-group"
                  id="allCountiesList"
                />
              </Col>
              <Col
                align="center"
                bsClass="col"
                className="arrows"
                componentClass="div"
                md={2}
                xs={12}
              >
                <Row
                  bsClass="row"
                  componentClass="div"
                >
                  <span>
                     
                    <Glyphicon
                      bsClass="glyphicon"
                      glyph="arrow-left"
                    />
                  </span>
                </Row>
                <Row
                  bsClass="row"
                  componentClass="div"
                >
                  <span>
                     
                    <Glyphicon
                      bsClass="glyphicon"
                      glyph="arrow-right"
                    />
                  </span>
                </Row>
              </Col>
              <Col
                bsClass="col"
                componentClass="div"
                md={5}
                xs={12}
              >
                <h5
                  align="center"
                >
                  Mine Kommuner
                </h5>
                <FormControl
                  bsClass="form-control"
                  componentClass="input"
                  id="myCounties"
                  inputRef={[Function]}
                  onKeyUp={[Function]}
                  placeholder="Søk i dine kommuner"
                  type="text"
                />
                <ListGroup
                  bsClass="list-group"
                  id="myCountiesList"
                />
              </Col>
            </Row>
            <div
              align="right"
            >
              <Button
                active={false}
                block={false}
                bsClass="btn"
                bsStyle="primary"
                disabled={false}
                onClick={[Function]}
              >
                Lagre endringer
              </Button>
            </div>
          </Col>,
        ],
        "componentClass": "div",
        "fluid": false,
      },
      "ref": null,
      "rendered": Array [
        Object {
          "instance": null,
          "key": undefined,
          "nodeType": "class",
          "props": Object {
            "bsClass": "col",
            "componentClass": "div",
            "md": 2,
          },
          "ref": null,
          "rendered": null,
          "type": [Function],
        },
        Object {
          "instance": null,
          "key": undefined,
          "nodeType": "class",
          "props": Object {
            "bsClass": "col",
            "children": Array [
              <Row
                bsClass="row"
                componentClass="div"
              >
                <Col
                  bsClass="col"
                  componentClass="div"
                  md={5}
                  xs={12}
                >
                  <h5
                    align="center"
                  >
                    Kommuner
                  </h5>
                  <FormControl
                    bsClass="form-control"
                    componentClass="input"
                    id="allCounties"
                    inputRef={[Function]}
                    onKeyUp={[Function]}
                    placeholder="Søk i alle kommuner"
                    type="text"
                  />
                  <ListGroup
                    bsClass="list-group"
                    id="allCountiesList"
                  />
                </Col>
                <Col
                  align="center"
                  bsClass="col"
                  className="arrows"
                  componentClass="div"
                  md={2}
                  xs={12}
                >
                  <Row
                    bsClass="row"
                    componentClass="div"
                  >
                    <span>
                       
                      <Glyphicon
                        bsClass="glyphicon"
                        glyph="arrow-left"
                      />
                    </span>
                  </Row>
                  <Row
                    bsClass="row"
                    componentClass="div"
                  >
                    <span>
                       
                      <Glyphicon
                        bsClass="glyphicon"
                        glyph="arrow-right"
                      />
                    </span>
                  </Row>
                </Col>
                <Col
                  bsClass="col"
                  componentClass="div"
                  md={5}
                  xs={12}
                >
                  <h5
                    align="center"
                  >
                    Mine Kommuner
                  </h5>
                  <FormControl
                    bsClass="form-control"
                    componentClass="input"
                    id="myCounties"
                    inputRef={[Function]}
                    onKeyUp={[Function]}
                    placeholder="Søk i dine kommuner"
                    type="text"
                  />
                  <ListGroup
                    bsClass="list-group"
                    id="myCountiesList"
                  />
                </Col>
              </Row>,
              <div
                align="right"
              >
                <Button
                  active={false}
                  block={false}
                  bsClass="btn"
                  bsStyle="primary"
                  disabled={false}
                  onClick={[Function]}
                >
                  Lagre endringer
                </Button>
              </div>,
            ],
            "componentClass": "div",
            "md": 8,
          },
          "ref": null,
          "rendered": Array [
            Object {
              "instance": null,
              "key": undefined,
              "nodeType": "class",
              "props": Object {
                "bsClass": "row",
                "children": Array [
                  <Col
                    bsClass="col"
                    componentClass="div"
                    md={5}
                    xs={12}
                  >
                    <h5
                      align="center"
                    >
                      Kommuner
                    </h5>
                    <FormControl
                      bsClass="form-control"
                      componentClass="input"
                      id="allCounties"
                      inputRef={[Function]}
                      onKeyUp={[Function]}
                      placeholder="Søk i alle kommuner"
                      type="text"
                    />
                    <ListGroup
                      bsClass="list-group"
                      id="allCountiesList"
                    />
                  </Col>,
                  <Col
                    align="center"
                    bsClass="col"
                    className="arrows"
                    componentClass="div"
                    md={2}
                    xs={12}
                  >
                    <Row
                      bsClass="row"
                      componentClass="div"
                    >
                      <span>
                         
                        <Glyphicon
                          bsClass="glyphicon"
                          glyph="arrow-left"
                        />
                      </span>
                    </Row>
                    <Row
                      bsClass="row"
                      componentClass="div"
                    >
                      <span>
                         
                        <Glyphicon
                          bsClass="glyphicon"
                          glyph="arrow-right"
                        />
                      </span>
                    </Row>
                  </Col>,
                  <Col
                    bsClass="col"
                    componentClass="div"
                    md={5}
                    xs={12}
                  >
                    <h5
                      align="center"
                    >
                      Mine Kommuner
                    </h5>
                    <FormControl
                      bsClass="form-control"
                      componentClass="input"
                      id="myCounties"
                      inputRef={[Function]}
                      onKeyUp={[Function]}
                      placeholder="Søk i dine kommuner"
                      type="text"
                    />
                    <ListGroup
                      bsClass="list-group"
                      id="myCountiesList"
                    />
                  </Col>,
                ],
                "componentClass": "div",
              },
              "ref": null,
              "rendered": Array [
                Object {
                  "instance": null,
                  "key": undefined,
                  "nodeType": "class",
                  "props": Object {
                    "bsClass": "col",
                    "children": Array [
                      <h5
                        align="center"
                      >
                        Kommuner
                      </h5>,
                      <FormControl
                        bsClass="form-control"
                        componentClass="input"
                        id="allCounties"
                        inputRef={[Function]}
                        onKeyUp={[Function]}
                        placeholder="Søk i alle kommuner"
                        type="text"
                      />,
                      <ListGroup
                        bsClass="list-group"
                        id="allCountiesList"
                      />,
                    ],
                    "componentClass": "div",
                    "md": 5,
                    "xs": 12,
                  },
                  "ref": null,
                  "rendered": Array [
                    Object {
                      "instance": null,
                      "key": undefined,
                      "nodeType": "host",
                      "props": Object {
                        "align": "center",
                        "children": "Kommuner",
                      },
                      "ref": null,
                      "rendered": "Kommuner",
                      "type": "h5",
                    },
                    Object {
                      "instance": null,
                      "key": undefined,
                      "nodeType": "class",
                      "props": Object {
                        "bsClass": "form-control",
                        "componentClass": "input",
                        "id": "allCounties",
                        "inputRef": [Function],
                        "onKeyUp": [Function],
                        "placeholder": "Søk i alle kommuner",
                        "type": "text",
                      },
                      "ref": null,
                      "rendered": null,
                      "type": [Function],
                    },
                    Object {
                      "instance": null,
                      "key": undefined,
                      "nodeType": "class",
                      "props": Object {
                        "bsClass": "list-group",
                        "children": Array [],
                        "id": "allCountiesList",
                      },
                      "ref": null,
                      "rendered": Array [],
                      "type": [Function],
                    },
                  ],
                  "type": [Function],
                },
                Object {
                  "instance": null,
                  "key": undefined,
                  "nodeType": "class",
                  "props": Object {
                    "align": "center",
                    "bsClass": "col",
                    "children": Array [
                      <Row
                        bsClass="row"
                        componentClass="div"
                      >
                        <span>
                           
                          <Glyphicon
                            bsClass="glyphicon"
                            glyph="arrow-left"
                          />
                        </span>
                      </Row>,
                      <Row
                        bsClass="row"
                        componentClass="div"
                      >
                        <span>
                           
                          <Glyphicon
                            bsClass="glyphicon"
                            glyph="arrow-right"
                          />
                        </span>
                      </Row>,
                    ],
                    "className": "arrows",
                    "componentClass": "div",
                    "md": 2,
                    "xs": 12,
                  },
                  "ref": null,
                  "rendered": Array [
                    Object {
                      "instance": null,
                      "key": undefined,
                      "nodeType": "class",
                      "props": Object {
                        "bsClass": "row",
                        "children": <span>
                           
                          <Glyphicon
                            bsClass="glyphicon"
                            glyph="arrow-left"
                          />
                        </span>,
                        "componentClass": "div",
                      },
                      "ref": null,
                      "rendered": Object {
                        "instance": null,
                        "key": undefined,
                        "nodeType": "host",
                        "props": Object {
                          "children": Array [
                            " ",
                            <Glyphicon
                              bsClass="glyphicon"
                              glyph="arrow-left"
                            />,
                          ],
                        },
                        "ref": null,
                        "rendered": Array [
                          " ",
                          Object {
                            "instance": null,
                            "key": undefined,
                            "nodeType": "class",
                            "props": Object {
                              "bsClass": "glyphicon",
                              "glyph": "arrow-left",
                            },
                            "ref": null,
                            "rendered": null,
                            "type": [Function],
                          },
                        ],
                        "type": "span",
                      },
                      "type": [Function],
                    },
                    Object {
                      "instance": null,
                      "key": undefined,
                      "nodeType": "class",
                      "props": Object {
                        "bsClass": "row",
                        "children": <span>
                           
                          <Glyphicon
                            bsClass="glyphicon"
                            glyph="arrow-right"
                          />
                        </span>,
                        "componentClass": "div",
                      },
                      "ref": null,
                      "rendered": Object {
                        "instance": null,
                        "key": undefined,
                        "nodeType": "host",
                        "props": Object {
                          "children": Array [
                            " ",
                            <Glyphicon
                              bsClass="glyphicon"
                              glyph="arrow-right"
                            />,
                          ],
                        },
                        "ref": null,
                        "rendered": Array [
                          " ",
                          Object {
                            "instance": null,
                            "key": undefined,
                            "nodeType": "class",
                            "props": Object {
                              "bsClass": "glyphicon",
                              "glyph": "arrow-right",
                            },
                            "ref": null,
                            "rendered": null,
                            "type": [Function],
                          },
                        ],
                        "type": "span",
                      },
                      "type": [Function],
                    },
                  ],
                  "type": [Function],
                },
                Object {
                  "instance": null,
                  "key": undefined,
                  "nodeType": "class",
                  "props": Object {
                    "bsClass": "col",
                    "children": Array [
                      <h5
                        align="center"
                      >
                        Mine Kommuner
                      </h5>,
                      <FormControl
                        bsClass="form-control"
                        componentClass="input"
                        id="myCounties"
                        inputRef={[Function]}
                        onKeyUp={[Function]}
                        placeholder="Søk i dine kommuner"
                        type="text"
                      />,
                      <ListGroup
                        bsClass="list-group"
                        id="myCountiesList"
                      />,
                    ],
                    "componentClass": "div",
                    "md": 5,
                    "xs": 12,
                  },
                  "ref": null,
                  "rendered": Array [
                    Object {
                      "instance": null,
                      "key": undefined,
                      "nodeType": "host",
                      "props": Object {
                        "align": "center",
                        "children": "Mine Kommuner",
                      },
                      "ref": null,
                      "rendered": "Mine Kommuner",
                      "type": "h5",
                    },
                    Object {
                      "instance": null,
                      "key": undefined,
                      "nodeType": "class",
                      "props": Object {
                        "bsClass": "form-control",
                        "componentClass": "input",
                        "id": "myCounties",
                        "inputRef": [Function],
                        "onKeyUp": [Function],
                        "placeholder": "Søk i dine kommuner",
                        "type": "text",
                      },
                      "ref": null,
                      "rendered": null,
                      "type": [Function],
                    },
                    Object {
                      "instance": null,
                      "key": undefined,
                      "nodeType": "class",
                      "props": Object {
                        "bsClass": "list-group",
                        "children": Array [],
                        "id": "myCountiesList",
                      },
                      "ref": null,
                      "rendered": Array [],
                      "type": [Function],
                    },
                  ],
                  "type": [Function],
                },
              ],
              "type": [Function],
            },
            Object {
              "instance": null,
              "key": undefined,
              "nodeType": "host",
              "props": Object {
                "align": "right",
                "children": <Button
                  active={false}
                  block={false}
                  bsClass="btn"
                  bsStyle="primary"
                  disabled={false}
                  onClick={[Function]}
                >
                  Lagre endringer
                </Button>,
              },
              "ref": null,
              "rendered": Object {
                "instance": null,
                "key": undefined,
                "nodeType": "class",
                "props": Object {
                  "active": false,
                  "block": false,
                  "bsClass": "btn",
                  "bsStyle": "primary",
                  "children": "Lagre endringer",
                  "disabled": false,
                  "onClick": [Function],
                },
                "ref": null,
                "rendered": "Lagre endringer",
                "type": [Function],
              },
              "type": "div",
            },
          ],
          "type": [Function],
        },
      ],
      "type": [Function],
    },
    "type": "div",
  },
  Symbol(enzyme.__nodes__): Array [
    Object {
      "instance": null,
      "key": undefined,
      "nodeType": "host",
      "props": Object {
        "children": <Grid
          bsClass="container"
          componentClass="div"
          fluid={false}
        >
          <Col
            bsClass="col"
            componentClass="div"
            md={2}
          />
          <Col
            bsClass="col"
            componentClass="div"
            md={8}
          >
            <Row
              bsClass="row"
              componentClass="div"
            >
              <Col
                bsClass="col"
                componentClass="div"
                md={5}
                xs={12}
              >
                <h5
                  align="center"
                >
                  Kommuner
                </h5>
                <FormControl
                  bsClass="form-control"
                  componentClass="input"
                  id="allCounties"
                  inputRef={[Function]}
                  onKeyUp={[Function]}
                  placeholder="Søk i alle kommuner"
                  type="text"
                />
                <ListGroup
                  bsClass="list-group"
                  id="allCountiesList"
                />
              </Col>
              <Col
                align="center"
                bsClass="col"
                className="arrows"
                componentClass="div"
                md={2}
                xs={12}
              >
                <Row
                  bsClass="row"
                  componentClass="div"
                >
                  <span>
                     
                    <Glyphicon
                      bsClass="glyphicon"
                      glyph="arrow-left"
                    />
                  </span>
                </Row>
                <Row
                  bsClass="row"
                  componentClass="div"
                >
                  <span>
                     
                    <Glyphicon
                      bsClass="glyphicon"
                      glyph="arrow-right"
                    />
                  </span>
                </Row>
              </Col>
              <Col
                bsClass="col"
                componentClass="div"
                md={5}
                xs={12}
              >
                <h5
                  align="center"
                >
                  Mine Kommuner
                </h5>
                <FormControl
                  bsClass="form-control"
                  componentClass="input"
                  id="myCounties"
                  inputRef={[Function]}
                  onKeyUp={[Function]}
                  placeholder="Søk i dine kommuner"
                  type="text"
                />
                <ListGroup
                  bsClass="list-group"
                  id="myCountiesList"
                />
              </Col>
            </Row>
            <div
              align="right"
            >
              <Button
                active={false}
                block={false}
                bsClass="btn"
                bsStyle="primary"
                disabled={false}
                onClick={[Function]}
              >
                Lagre endringer
              </Button>
            </div>
          </Col>
        </Grid>,
        "className": "countySubscription",
      },
      "ref": null,
      "rendered": Object {
        "instance": null,
        "key": undefined,
        "nodeType": "class",
        "props": Object {
          "bsClass": "container",
          "children": Array [
            <Col
              bsClass="col"
              componentClass="div"
              md={2}
            />,
            <Col
              bsClass="col"
              componentClass="div"
              md={8}
            >
              <Row
                bsClass="row"
                componentClass="div"
              >
                <Col
                  bsClass="col"
                  componentClass="div"
                  md={5}
                  xs={12}
                >
                  <h5
                    align="center"
                  >
                    Kommuner
                  </h5>
                  <FormControl
                    bsClass="form-control"
                    componentClass="input"
                    id="allCounties"
                    inputRef={[Function]}
                    onKeyUp={[Function]}
                    placeholder="Søk i alle kommuner"
                    type="text"
                  />
                  <ListGroup
                    bsClass="list-group"
                    id="allCountiesList"
                  />
                </Col>
                <Col
                  align="center"
                  bsClass="col"
                  className="arrows"
                  componentClass="div"
                  md={2}
                  xs={12}
                >
                  <Row
                    bsClass="row"
                    componentClass="div"
                  >
                    <span>
                       
                      <Glyphicon
                        bsClass="glyphicon"
                        glyph="arrow-left"
                      />
                    </span>
                  </Row>
                  <Row
                    bsClass="row"
                    componentClass="div"
                  >
                    <span>
                       
                      <Glyphicon
                        bsClass="glyphicon"
                        glyph="arrow-right"
                      />
                    </span>
                  </Row>
                </Col>
                <Col
                  bsClass="col"
                  componentClass="div"
                  md={5}
                  xs={12}
                >
                  <h5
                    align="center"
                  >
                    Mine Kommuner
                  </h5>
                  <FormControl
                    bsClass="form-control"
                    componentClass="input"
                    id="myCounties"
                    inputRef={[Function]}
                    onKeyUp={[Function]}
                    placeholder="Søk i dine kommuner"
                    type="text"
                  />
                  <ListGroup
                    bsClass="list-group"
                    id="myCountiesList"
                  />
                </Col>
              </Row>
              <div
                align="right"
              >
                <Button
                  active={false}
                  block={false}
                  bsClass="btn"
                  bsStyle="primary"
                  disabled={false}
                  onClick={[Function]}
                >
                  Lagre endringer
                </Button>
              </div>
            </Col>,
          ],
          "componentClass": "div",
          "fluid": false,
        },
        "ref": null,
        "rendered": Array [
          Object {
            "instance": null,
            "key": undefined,
            "nodeType": "class",
            "props": Object {
              "bsClass": "col",
              "componentClass": "div",
              "md": 2,
            },
            "ref": null,
            "rendered": null,
            "type": [Function],
          },
          Object {
            "instance": null,
            "key": undefined,
            "nodeType": "class",
            "props": Object {
              "bsClass": "col",
              "children": Array [
                <Row
                  bsClass="row"
                  componentClass="div"
                >
                  <Col
                    bsClass="col"
                    componentClass="div"
                    md={5}
                    xs={12}
                  >
                    <h5
                      align="center"
                    >
                      Kommuner
                    </h5>
                    <FormControl
                      bsClass="form-control"
                      componentClass="input"
                      id="allCounties"
                      inputRef={[Function]}
                      onKeyUp={[Function]}
                      placeholder="Søk i alle kommuner"
                      type="text"
                    />
                    <ListGroup
                      bsClass="list-group"
                      id="allCountiesList"
                    />
                  </Col>
                  <Col
                    align="center"
                    bsClass="col"
                    className="arrows"
                    componentClass="div"
                    md={2}
                    xs={12}
                  >
                    <Row
                      bsClass="row"
                      componentClass="div"
                    >
                      <span>
                         
                        <Glyphicon
                          bsClass="glyphicon"
                          glyph="arrow-left"
                        />
                      </span>
                    </Row>
                    <Row
                      bsClass="row"
                      componentClass="div"
                    >
                      <span>
                         
                        <Glyphicon
                          bsClass="glyphicon"
                          glyph="arrow-right"
                        />
                      </span>
                    </Row>
                  </Col>
                  <Col
                    bsClass="col"
                    componentClass="div"
                    md={5}
                    xs={12}
                  >
                    <h5
                      align="center"
                    >
                      Mine Kommuner
                    </h5>
                    <FormControl
                      bsClass="form-control"
                      componentClass="input"
                      id="myCounties"
                      inputRef={[Function]}
                      onKeyUp={[Function]}
                      placeholder="Søk i dine kommuner"
                      type="text"
                    />
                    <ListGroup
                      bsClass="list-group"
                      id="myCountiesList"
                    />
                  </Col>
                </Row>,
                <div
                  align="right"
                >
                  <Button
                    active={false}
                    block={false}
                    bsClass="btn"
                    bsStyle="primary"
                    disabled={false}
                    onClick={[Function]}
                  >
                    Lagre endringer
                  </Button>
                </div>,
              ],
              "componentClass": "div",
              "md": 8,
            },
            "ref": null,
            "rendered": Array [
              Object {
                "instance": null,
                "key": undefined,
                "nodeType": "class",
                "props": Object {
                  "bsClass": "row",
                  "children": Array [
                    <Col
                      bsClass="col"
                      componentClass="div"
                      md={5}
                      xs={12}
                    >
                      <h5
                        align="center"
                      >
                        Kommuner
                      </h5>
                      <FormControl
                        bsClass="form-control"
                        componentClass="input"
                        id="allCounties"
                        inputRef={[Function]}
                        onKeyUp={[Function]}
                        placeholder="Søk i alle kommuner"
                        type="text"
                      />
                      <ListGroup
                        bsClass="list-group"
                        id="allCountiesList"
                      />
                    </Col>,
                    <Col
                      align="center"
                      bsClass="col"
                      className="arrows"
                      componentClass="div"
                      md={2}
                      xs={12}
                    >
                      <Row
                        bsClass="row"
                        componentClass="div"
                      >
                        <span>
                           
                          <Glyphicon
                            bsClass="glyphicon"
                            glyph="arrow-left"
                          />
                        </span>
                      </Row>
                      <Row
                        bsClass="row"
                        componentClass="div"
                      >
                        <span>
                           
                          <Glyphicon
                            bsClass="glyphicon"
                            glyph="arrow-right"
                          />
                        </span>
                      </Row>
                    </Col>,
                    <Col
                      bsClass="col"
                      componentClass="div"
                      md={5}
                      xs={12}
                    >
                      <h5
                        align="center"
                      >
                        Mine Kommuner
                      </h5>
                      <FormControl
                        bsClass="form-control"
                        componentClass="input"
                        id="myCounties"
                        inputRef={[Function]}
                        onKeyUp={[Function]}
                        placeholder="Søk i dine kommuner"
                        type="text"
                      />
                      <ListGroup
                        bsClass="list-group"
                        id="myCountiesList"
                      />
                    </Col>,
                  ],
                  "componentClass": "div",
                },
                "ref": null,
                "rendered": Array [
                  Object {
                    "instance": null,
                    "key": undefined,
                    "nodeType": "class",
                    "props": Object {
                      "bsClass": "col",
                      "children": Array [
                        <h5
                          align="center"
                        >
                          Kommuner
                        </h5>,
                        <FormControl
                          bsClass="form-control"
                          componentClass="input"
                          id="allCounties"
                          inputRef={[Function]}
                          onKeyUp={[Function]}
                          placeholder="Søk i alle kommuner"
                          type="text"
                        />,
                        <ListGroup
                          bsClass="list-group"
                          id="allCountiesList"
                        />,
                      ],
                      "componentClass": "div",
                      "md": 5,
                      "xs": 12,
                    },
                    "ref": null,
                    "rendered": Array [
                      Object {
                        "instance": null,
                        "key": undefined,
                        "nodeType": "host",
                        "props": Object {
                          "align": "center",
                          "children": "Kommuner",
                        },
                        "ref": null,
                        "rendered": "Kommuner",
                        "type": "h5",
                      },
                      Object {
                        "instance": null,
                        "key": undefined,
                        "nodeType": "class",
                        "props": Object {
                          "bsClass": "form-control",
                          "componentClass": "input",
                          "id": "allCounties",
                          "inputRef": [Function],
                          "onKeyUp": [Function],
                          "placeholder": "Søk i alle kommuner",
                          "type": "text",
                        },
                        "ref": null,
                        "rendered": null,
                        "type": [Function],
                      },
                      Object {
                        "instance": null,
                        "key": undefined,
                        "nodeType": "class",
                        "props": Object {
                          "bsClass": "list-group",
                          "children": Array [],
                          "id": "allCountiesList",
                        },
                        "ref": null,
                        "rendered": Array [],
                        "type": [Function],
                      },
                    ],
                    "type": [Function],
                  },
                  Object {
                    "instance": null,
                    "key": undefined,
                    "nodeType": "class",
                    "props": Object {
                      "align": "center",
                      "bsClass": "col",
                      "children": Array [
                        <Row
                          bsClass="row"
                          componentClass="div"
                        >
                          <span>
                             
                            <Glyphicon
                              bsClass="glyphicon"
                              glyph="arrow-left"
                            />
                          </span>
                        </Row>,
                        <Row
                          bsClass="row"
                          componentClass="div"
                        >
                          <span>
                             
                            <Glyphicon
                              bsClass="glyphicon"
                              glyph="arrow-right"
                            />
                          </span>
                        </Row>,
                      ],
                      "className": "arrows",
                      "componentClass": "div",
                      "md": 2,
                      "xs": 12,
                    },
                    "ref": null,
                    "rendered": Array [
                      Object {
                        "instance": null,
                        "key": undefined,
                        "nodeType": "class",
                        "props": Object {
                          "bsClass": "row",
                          "children": <span>
                             
                            <Glyphicon
                              bsClass="glyphicon"
                              glyph="arrow-left"
                            />
                          </span>,
                          "componentClass": "div",
                        },
                        "ref": null,
                        "rendered": Object {
                          "instance": null,
                          "key": undefined,
                          "nodeType": "host",
                          "props": Object {
                            "children": Array [
                              " ",
                              <Glyphicon
                                bsClass="glyphicon"
                                glyph="arrow-left"
                              />,
                            ],
                          },
                          "ref": null,
                          "rendered": Array [
                            " ",
                            Object {
                              "instance": null,
                              "key": undefined,
                              "nodeType": "class",
                              "props": Object {
                                "bsClass": "glyphicon",
                                "glyph": "arrow-left",
                              },
                              "ref": null,
                              "rendered": null,
                              "type": [Function],
                            },
                          ],
                          "type": "span",
                        },
                        "type": [Function],
                      },
                      Object {
                        "instance": null,
                        "key": undefined,
                        "nodeType": "class",
                        "props": Object {
                          "bsClass": "row",
                          "children": <span>
                             
                            <Glyphicon
                              bsClass="glyphicon"
                              glyph="arrow-right"
                            />
                          </span>,
                          "componentClass": "div",
                        },
                        "ref": null,
                        "rendered": Object {
                          "instance": null,
                          "key": undefined,
                          "nodeType": "host",
                          "props": Object {
                            "children": Array [
                              " ",
                              <Glyphicon
                                bsClass="glyphicon"
                                glyph="arrow-right"
                              />,
                            ],
                          },
                          "ref": null,
                          "rendered": Array [
                            " ",
                            Object {
                              "instance": null,
                              "key": undefined,
                              "nodeType": "class",
                              "props": Object {
                                "bsClass": "glyphicon",
                                "glyph": "arrow-right",
                              },
                              "ref": null,
                              "rendered": null,
                              "type": [Function],
                            },
                          ],
                          "type": "span",
                        },
                        "type": [Function],
                      },
                    ],
                    "type": [Function],
                  },
                  Object {
                    "instance": null,
                    "key": undefined,
                    "nodeType": "class",
                    "props": Object {
                      "bsClass": "col",
                      "children": Array [
                        <h5
                          align="center"
                        >
                          Mine Kommuner
                        </h5>,
                        <FormControl
                          bsClass="form-control"
                          componentClass="input"
                          id="myCounties"
                          inputRef={[Function]}
                          onKeyUp={[Function]}
                          placeholder="Søk i dine kommuner"
                          type="text"
                        />,
                        <ListGroup
                          bsClass="list-group"
                          id="myCountiesList"
                        />,
                      ],
                      "componentClass": "div",
                      "md": 5,
                      "xs": 12,
                    },
                    "ref": null,
                    "rendered": Array [
                      Object {
                        "instance": null,
                        "key": undefined,
                        "nodeType": "host",
                        "props": Object {
                          "align": "center",
                          "children": "Mine Kommuner",
                        },
                        "ref": null,
                        "rendered": "Mine Kommuner",
                        "type": "h5",
                      },
                      Object {
                        "instance": null,
                        "key": undefined,
                        "nodeType": "class",
                        "props": Object {
                          "bsClass": "form-control",
                          "componentClass": "input",
                          "id": "myCounties",
                          "inputRef": [Function],
                          "onKeyUp": [Function],
                          "placeholder": "Søk i dine kommuner",
                          "type": "text",
                        },
                        "ref": null,
                        "rendered": null,
                        "type": [Function],
                      },
                      Object {
                        "instance": null,
                        "key": undefined,
                        "nodeType": "class",
                        "props": Object {
                          "bsClass": "list-group",
                          "children": Array [],
                          "id": "myCountiesList",
                        },
                        "ref": null,
                        "rendered": Array [],
                        "type": [Function],
                      },
                    ],
                    "type": [Function],
                  },
                ],
                "type": [Function],
              },
              Object {
                "instance": null,
                "key": undefined,
                "nodeType": "host",
                "props": Object {
                  "align": "right",
                  "children": <Button
                    active={false}
                    block={false}
                    bsClass="btn"
                    bsStyle="primary"
                    disabled={false}
                    onClick={[Function]}
                  >
                    Lagre endringer
                  </Button>,
                },
                "ref": null,
                "rendered": Object {
                  "instance": null,
                  "key": undefined,
                  "nodeType": "class",
                  "props": Object {
                    "active": false,
                    "block": false,
                    "bsClass": "btn",
                    "bsStyle": "primary",
                    "children": "Lagre endringer",
                    "disabled": false,
                    "onClick": [Function],
                  },
                  "ref": null,
                  "rendered": "Lagre endringer",
                  "type": [Function],
                },
                "type": "div",
              },
            ],
            "type": [Function],
          },
        ],
        "type": [Function],
      },
      "type": "div",
    },
  ],
  Symbol(enzyme.__options__): Object {
    "adapter": ReactSixteenAdapter {
      "options": Object {
        "enableComponentDidUpdateOnSetState": true,
        "lifecycles": Object {
          "componentDidUpdate": Object {
            "onSetState": true,
          },
          "getDerivedStateFromProps": true,
          "getSnapshotBeforeUpdate": true,
          "setState": Object {
            "skipsComponentDidUpdateOnNullish": true,
          },
        },
      },
    },
  },
}
`;
